// Jest Snapshot v1, https://goo.gl/fbAQLP

exports[`SongListItem Rendering should match to snapshot 1`] = `ShallowWrapper {}`;
