// Jest Snapshot v1, https://goo.gl/fbAQLP

exports[`SongList Rendering should match to snapshot 1`] = `ShallowWrapper {}`;
